<html>
<body>
<pre>
<h1>礦ision Build Log</h1>
<h2>Project:</h2>
C:\Users\hp\Desktop\Cube_Sw\Project\MDK-ARM(uV4)\project.uvproj
Project File Date:  04/23/2015

<h2>Output:</h2>
Build target 'Flash'
compiling main.c...
compiling os_app_hooks.c...
compiling stm32f4xx_it.c...
compiling bsp.c...
compiling bsp_os.c...
compiling bsp_sdio_sd.c...
compiling bsp_fsmc_sram.c...
compiling bsp_led.c...
compiling bsp_rtc.c...
compiling bsp_nor_flash.c...
compiling bsp_iwdg.c...
compiling bsp_uart_fifo.c...
compiling bsp_cpu_flash.c...
compiling stm32f4xx_rcc.c...
compiling stm32f4xx_syscfg.c...
compiling misc.c...
compiling stm32f4xx_gpio.c...
compiling stm32f4xx_usart.c...
compiling stm32f4xx_exti.c...
compiling stm32f4xx_iwdg.c...
compiling stm32f4xx_tim.c...
compiling stm32f4xx_wwdg.c...
compiling stm32f4xx_crc.c...
compiling stm32f4xx_spi.c...
compiling stm32f4xx_fsmc.c...
compiling stm32f4xx_sdio.c...
compiling stm32f4xx_dma.c...
compiling stm32f4xx_adc.c...
compiling stm32f4xx_rng.c...
compiling stm32f4xx_rtc.c...
compiling stm32f4xx_pwr.c...
compiling stm32f4xx_flash.c...
compiling system_stm32f4xx.c...
compiling cpu_core.c...
compiling cpu_c.c...
compiling lib_ascii.c...
compiling lib_math.c...
compiling lib_mem.c...
compiling lib_str.c...
compiling os_cfg_app.c...
compiling os_core.c...
compiling os_dbg.c...
compiling os_flag.c...
compiling os_int.c...
compiling os_mem.c...
compiling os_msg.c...
compiling os_mutex.c...
compiling os_pend_multi.c...
compiling os_prio.c...
compiling os_q.c...
compiling os_sem.c...
compiling os_stat.c...
compiling os_task.c...
compiling os_tick.c...
compiling os_time.c...
compiling os_tmr.c...
compiling os_var.c...
compiling os_cpu_c.c...
compiling diskio.c...
compiling ff.c...
compiling Task_Gps.c...
compiling Task_Tel.c...
compiling Task_Pload.c...
compiling Task_Monitor.c...
compiling Task_Test.c...
compiling Task_Output.c...
compiling bsp_i2c0.c...
compiling bsp_ReceiveDeal.c...
compiling globalavr.c...
..\..\User\bsp_user\globalavr.c(167): warning:  #550-D: variable "VarBackupBuff" was set but never used
compiling bsp_spi_motor.c...
compiling bsp_adc.c...
compiling bsp_pwm.c...
compiling bsp_PVD.c...
compiling bsp_gps.c...
compiling bsp_rng.c...
compiling bsp_i2c1.c...
compiling bsp_switch.c...
compiling bsp_Fipex.c...
compiling globalavr_adcs.c...
compiling attCac.c...
compiling base.c...
..\..\User\ADCS\base.c(210): warning:  #177-D: variable "JToWGS" was declared but never referenced
..\..\User\ADCS\base.c(210): warning:  #177-D: variable "PosInWGS" was declared but never referenced
..\..\User\ADCS\base.c(210): warning:  #177-D: variable "GeoCord" was declared but never referenced
..\..\User\ADCS\base.c(211): warning:  #177-D: variable "MagInFix" was declared but never referenced
..\..\User\ADCS\base.c(211): warning:  #177-D: variable "MagInJ" was declared but never referenced
..\..\User\ADCS\base.c(211): warning:  #177-D: variable "MtxJtoO" was declared but never referenced
..\..\User\ADCS\base.c(211): warning:  #177-D: variable "MagInO" was declared but never referenced
..\..\User\ADCS\base.c(212): warning:  #177-D: variable "PitM" was declared but never referenced
..\..\User\ADCS\base.c(212): warning:  #177-D: variable "RadToDeg" was declared but never referenced
..\..\User\ADCS\base.c(213): warning:  #177-D: variable "i" was declared but never referenced
compiling mySys.c...
compiling orbCac.c...
compiling sgp4unit.c...
..\..\User\ADCS\sgp4unit.c(61): warning:  #550-D: variable "xpidot" was set but never used
compiling slfMath.c...
linking...
Program Size: Code=89132 RO-data=1668 RW-data=780 ZI-data=71444  
FromELF: creating hex file...
User command #1: CopyHex_Flash.bat
C:\Users\hp\Desktop\Cube_Sw\Project\MDK-ARM(uV4)>copy Flash\Obj\output.hex ..\output(mdk).hex 
已复制         1 个文件。
".\Flash\Obj\output.axf" - 0 Error(s), 12 Warning(s).
