<html>
<body>
<pre>
<h1>礦ision Build Log</h1>
<h2>Project:</h2>
C:\Users\NJUST\Desktop\Cube_Sw\Project\MDK-ARM(uV4)\project.uvproj
Project File Date:  05/23/2015

<h2>Output:</h2>
Build target 'Flash'
compiling Task_Tel.c...
compiling Task_Test.c...
linking...
Program Size: Code=93324 RO-data=1816 RW-data=732 ZI-data=63628  
After Build - User command #1: CopyHex_Flash.bat
C:\Users\NJUST\Desktop\Cube_Sw\Project\MDK-ARM(uV4)>copy Flash\Obj\output.hex ..\output(mdk).hex 
系统找不到指定的文件。
".\Flash\Obj\output.axf" - 0 Error(s), 0 Warning(s).
</pre>
</body>
</html>
