<html>
<body>
<pre>
<h1>礦ision Build Log</h1>
<h2>Project:</h2>
C:\Users\NJUST\Desktop\Cube_Sw\Project\MDK-ARM(uV4)\project.uvproj
Project File Date:  05/22/2015

<h2>Output:</h2>
Build target 'Flash'
compiling main.c...
compiling os_app_hooks.c...
compiling stm32f4xx_it.c...
compiling bsp.c...
compiling bsp_os.c...
compiling bsp_sdio_sd.c...
compiling bsp_fsmc_sram.c...
compiling bsp_led.c...
compiling bsp_rtc.c...
compiling bsp_nor_flash.c...
compiling bsp_iwdg.c...
compiling bsp_uart_fifo.c...
compiling bsp_cpu_flash.c...
compiling bsp_timer.c...
assembling startup_stm32f40_41xxx.s...
compiling stm32f4xx_rcc.c...
compiling stm32f4xx_syscfg.c...
compiling misc.c...
compiling stm32f4xx_gpio.c...
compiling stm32f4xx_usart.c...
compiling stm32f4xx_exti.c...
compiling stm32f4xx_iwdg.c...
compiling stm32f4xx_tim.c...
compiling stm32f4xx_wwdg.c...
compiling stm32f4xx_crc.c...
compiling stm32f4xx_spi.c...
compiling stm32f4xx_fsmc.c...
compiling stm32f4xx_sdio.c...
compiling stm32f4xx_dma.c...
compiling stm32f4xx_adc.c...
compiling stm32f4xx_rng.c...
compiling stm32f4xx_rtc.c...
compiling stm32f4xx_pwr.c...
compiling stm32f4xx_flash.c...
compiling system_stm32f4xx.c...
compiling cpu_core.c...
assembling cpu_a.asm...
compiling cpu_c.c...
compiling lib_ascii.c...
compiling lib_math.c...
compiling lib_mem.c...
compiling lib_str.c...
assembling lib_mem_a.asm...
compiling os_cfg_app.c...
compiling os_core.c...
compiling os_dbg.c...
compiling os_flag.c...
compiling os_int.c...
compiling os_mem.c...
compiling os_msg.c...
compiling os_mutex.c...
compiling os_pend_multi.c...
compiling os_prio.c...
compiling os_q.c...
compiling os_sem.c...
compiling os_stat.c...
compiling os_task.c...
compiling os_tick.c...
compiling os_time.c...
compiling os_tmr.c...
compiling os_var.c...
assembling os_cpu_a.asm...
compiling os_cpu_c.c...
..\..\uCOS-III\uCOS-III\Ports\ARM-Cortex-M4\Generic\RealView\os_cpu_c.c(375): warning:  #223-D: function "SysTick_ISR" declared implicitly
        SysTick_ISR();
..\..\uCOS-III\uCOS-III\Ports\ARM-Cortex-M4\Generic\RealView\os_cpu_c.c: 1 warning, 0 errors
compiling diskio.c...
compiling ff.c...
compiling Task_Gps.c...
compiling Task_Tel.c...
compiling Task_Pload.c...
compiling Task_Monitor.c...
compiling Task_Test.c...
compiling Task_Output.c...
compiling bsp_i2c0.c...
compiling bsp_ReceiveDeal.c...
compiling globalavr.c...
..\..\User\bsp_user\globalavr.c(176): warning:  #550-D: variable "VarBackupBuff" was set but never used
        unsigned char VarBackupBuff[40];
..\..\User\bsp_user\globalavr.c: 1 warning, 0 errors
compiling bsp_spi_motor.c...
compiling bsp_adc.c...
compiling bsp_pwm.c...
compiling bsp_PVD.c...
compiling bsp_gps.c...
compiling bsp_rng.c...
compiling bsp_i2c1.c...
compiling bsp_switch.c...
compiling bsp_Fipex.c...
compiling AD7192.c...
compiling globalavr_adcs.c...
compiling attCac.c...
compiling base.c...
compiling global.c...
compiling sgp4unit.c...
compiling slfMath.c...
linking...
Program Size: Code=92532 RO-data=1816 RW-data=812 ZI-data=63676  
After Build - User command #1: CopyHex_Flash.bat
C:\Users\NJUST\Desktop\Cube_Sw\Project\MDK-ARM(uV4)>copy Flash\Obj\output.hex ..\output(mdk).hex 
系统找不到指定的文件。
".\Flash\Obj\output.axf" - 0 Error(s), 2 Warning(s).
Load "C:\\Users\\NJUST\\Desktop\\Cube_Sw\\Project\\MDK-ARM(uV4)\\Flash\\Obj\\output.axf" 
Set JLink Project File to "C:\Users\NJUST\Desktop\Cube_Sw\Project\MDK-ARM(uV4)\JLinkSettings.ini"
* JLink Info: Device "STM32F407ZE" selected (512 KB flash, 128 KB RAM).
 
JLink info:
------------
DLL: V4.80g, compiled Feb 13 2014 20:50:02
Firmware: J-Link ARM V8 compiled Jul 17 2014 12:31:18
Hardware: V8.00
S/N : 68000245 
Feature(s) : RDI,FlashDL,FlashBP,JFlash 
 
* JLink Info: Found SWD-DP with ID 0x2BA01477
* JLink Info: Found SWD-DP with ID 0x2BA01477
* JLink Info: Found Cortex-M4 r0p1, Little endian.
* JLink Info: FPUnit: 6 code (BP) slots and 2 literal slots
* JLink Info: TPIU fitted.
* JLink Info: ETM fitted.
ROMTableAddr = 0xE00FF003
 
Target info:
------------
Device: STM32F407ZE
VTarget = 3.313V
State of Pins: 
TCK: 0, TDI: 0, TDO: 0, TMS: 1, TRES: 1, TRST: 1
Hardware-Breakpoints: 6
Software-Breakpoints: 8192
Watchpoints:          4
JTAG speed: 200 kHz
 
Erase Done.
Programming Done.
Verify OK.
